../Core/Src/ssd1306.c:46:9:SSD1306_Init	16	static
../Core/Src/ssd1306.c:109:6:SSD1306_UpdateScreen	16	static
../Core/Src/ssd1306.c:122:6:SSD1306_ToggleInvert	16	static
../Core/Src/ssd1306.c:134:6:SSD1306_Fill	16	static
../Core/Src/ssd1306.c:139:6:SSD1306_DrawPixel	16	static
../Core/Src/ssd1306.c:161:6:SSD1306_GotoXY	16	static
../Core/Src/ssd1306.c:167:6:SSD1306_Putc	32	static
../Core/Src/ssd1306.c:198:6:SSD1306_Puts	24	static
../Core/Src/ssd1306.c:216:6:SSD1306_DrawLine	40	static
../Core/Src/ssd1306.c:300:6:SSD1306_DrawRectangle	32	static
../Core/Src/ssd1306.c:325:6:SSD1306_DrawFilledRectangle	40	static
../Core/Src/ssd1306.c:352:6:SSD1306_DrawTriangle	32	static
../Core/Src/ssd1306.c:360:6:SSD1306_DrawFilledTriangle	64	static
../Core/Src/ssd1306.c:416:6:SSD1306_DrawCircle	40	static
../Core/Src/ssd1306.c:450:6:SSD1306_DrawFilledCircle	48	static
../Core/Src/ssd1306.c:481:6:SSD1306_ON	8	static
../Core/Src/ssd1306.c:486:6:SSD1306_OFF	8	static
../Core/Src/ssd1306.c:502:6:ssd1306_I2C_Init	16	static
../Core/Src/ssd1306.c:514:6:ssd1306_I2C_WriteMulti	64	dynamic
../Core/Src/ssd1306.c:524:6:ssd1306_I2C_Write	32	static
